base referer
rect $classActionMatcher_1_1ThisAttributeMap.html 345,5 871,32
rect $classActionQueuer_1_1ThisAttributeMap.html 351,56 865,83
rect $classAlphaGUIShader_1_1ThisAttributeMap.html 333,107 883,133
rect $classArmTrackerNodeInfo_1_1ThisAttributeMap.html 307,157 909,184
rect $classAutoAim_1_1ThisAttributeMap.html 384,208 832,235
rect $classAvatarDropFilter_1_1ThisAttributeMap.html 333,259 883,285
rect $classAvatarFilter_1_1ThisAttributeMap.html 365,309 851,336
rect $classAvatarFilterDebugMatrixProvider_1_1ThisAttributeMap.html 227,360 989,387
rect $classBaseCamera_1_1ThisAttributeMap.html 357,411 859,437
rect $classBaseNodeInfo_1_1ThisAttributeMap.html 351,461 865,488
rect $classBlendNodeInfo_1_1ThisAttributeMap.html 344,512 872,539
rect $classBoidsFilter_1_1ThisAttributeMap.html 372,563 844,589
rect $classBouncer_1_1ThisAttributeMap.html 387,613 829,640
rect $classBoundingBoxGUIComponent_1_1ThisAttributeMap.html 255,664 961,691
rect $classBoxAttachment_1_1ThisAttributeMap.html 340,715 876,741
rect $classCameraSpeed_1_1ThisAttributeMap.html 348,765 868,792
rect $classClipGUIShader_1_1ThisAttributeMap.html 347,816 869,843
rect $classColourGUIShader_1_1ThisAttributeMap.html 328,867 888,893
rect $classConsoleGUIComponent_1_1ThisAttributeMap.html 289,917 927,944
rect $classCursorCamera_1_1ThisAttributeMap.html 347,968 869,995
rect $classDiffDirProvider_1_1ThisAttributeMap.html 345,1019 871,1045
rect $classDirectionCursor_1_1ThisAttributeMap.html 339,1069 877,1096
rect $classDumbFilter_1_1ThisAttributeMap.html 369,1120 847,1147
rect $classEntity_1_1ThisAttributeMap.html 403,1171 813,1197
rect $classEntityDirProvider_1_1ThisAttributeMap.html 329,1221 887,1248
rect $classEntityMProv_1_1ThisAttributeMap.html 363,1272 853,1299
rect $classFailedUnpickle_1_1ThisAttributeMap.html 345,1323 871,1349
rect $classFilter_1_1ThisAttributeMap.html 408,1373 808,1400
rect $classFlexiCam_1_1ThisAttributeMap.html 380,1424 836,1451
rect $classFootTrigger_1_1ThisAttributeMap.html 367,1475 849,1501
rect $classFrameGUIComponent2_1_1ThisAttributeMap.html 292,1525 924,1552
rect $classFrameGUIComponent_1_1ThisAttributeMap.html 301,1576 915,1603
rect $classFreeCamera_1_1ThisAttributeMap.html 363,1627 853,1653
rect $classGoboComponent_1_1ThisAttributeMap.html 331,1677 885,1704
rect $classGraphGUIComponent_1_1ThisAttributeMap.html 301,1728 915,1755
rect $classGroundNormalProvider_1_1ThisAttributeMap.html 292,1779 924,1805
rect $classGuiAttachment_1_1ThisAttributeMap.html 341,1829 875,1856
rect $classGUIShader_1_1ThisAttributeMap.html 371,1880 845,1907
rect $classHomer_1_1ThisAttributeMap.html 397,1931 819,1957
rect $classInputCursor_1_1ThisAttributeMap.html 364,1981 852,2008
rect $classInvViewMatrixProvider_1_1ThisAttributeMap.html 295,2032 921,2059
rect $classLatencyGUIComponent_1_1ThisAttributeMap.html 289,2083 927,2109
rect $classLatencyInfo_1_1ThisAttributeMap.html 364,2133 852,2160
rect $classLinearHomer_1_1ThisAttributeMap.html 356,2184 860,2211
rect $classMatrixAnimation_1_1ThisAttributeMap.html 332,2235 884,2261
rect $classMatrixGUIShader_1_1ThisAttributeMap.html 329,2285 887,2312
rect $classMatrixInverse_1_1ThisAttributeMap.html 352,2336 864,2363
rect $classMatrixProduct_1_1ThisAttributeMap.html 349,2387 867,2413
rect $classMatrixProvider_1_1ThisAttributeMap.html 345,2437 871,2464
rect $classMatrixProviderLiaison_1_1ThisAttributeMap.html 300,2488 916,2515
rect $classMeshGUIAdaptor_1_1ThisAttributeMap.html 332,2539 884,2565
rect $classMethodResponse_1_1ThisAttributeMap.html 329,2589 887,2616
rect $classMinimap_1_1ThisAttributeMap.html 384,2640 832,2667
rect $classMoo_1_1NodeCatalogue.html 439,2691 777,2717
rect $classMoo_1_1SectionProcessors.html 431,2741 785,2768
rect $classMotor_1_1ThisAttributeMap.html 403,2792 813,2819
rect $classMouseCursor_1_1ThisAttributeMap.html 356,2843 860,2869
rect $classOACommandWrapper_1_1ThisAttributeMap.html 300,2893 916,2920
rect $classOANamedOptionWrapper_1_1ThisAttributeMap.html 276,2944 940,2971
rect $classOAVersionStructWrapper_1_1ThisAttributeMap.html 280,2995 936,3021
rect $classOrbitor_1_1ThisAttributeMap.html 395,3045 821,3072
rect $classOrthogonalNodeInfo_1_1ThisAttributeMap.html 308,3096 908,3123
rect $classOscillator2_1_1ThisAttributeMap.html 371,3147 845,3173
rect $classOscillator_1_1ThisAttributeMap.html 379,3197 837,3224
rect $classPhysics_1_1ThisAttributeMap.html 392,3248 824,3275
rect $classPlayerAvatarFilter_1_1ThisAttributeMap.html 325,3299 891,3325
rect $classPlayerMProv_1_1ThisAttributeMap.html 361,3349 855,3376
rect $classPostProcessing_1_1Debug_1_1ThisAttributeMap.html 345,3400 871,3427
rect $classPostProcessing_1_1PlayerFader_1_1ThisAttributeMap.html 312,3451 904,3477
rect $classPostProcessing_1_1PyCopyBackBuffer_1_1ThisAttributeMap.html 268,3501 948,3528
rect $classPostProcessing_1_1PyPhase_1_1ThisAttributeMap.html 333,3552 883,3579
rect $classProjectionAccess_1_1ThisAttributeMap.html 331,3603 885,3629
rect $classPropellor_1_1ThisAttributeMap.html 383,3653 833,3680
rect $classPyAmpParticleRenderer_1_1ThisAttributeMap.html 287,3704 929,3731
rect $classPyArrayDataInstance_1_1ThisAttributeMap.html 304,3755 912,3781
rect $classPyAttachment_1_1ThisAttributeMap.html 348,3805 868,3832
rect $classPyAxisEvent_1_1ThisAttributeMap.html 361,3856 855,3883
rect $classPyBarrierPSA_1_1ThisAttributeMap.html 356,3907 860,3933
rect $classPyBlurParticleRenderer_1_1ThisAttributeMap.html 291,3957 925,3984
rect $classPyChunkLight_1_1ThisAttributeMap.html 351,4008 865,4035
rect $classPyChunkModel_1_1ThisAttributeMap.html 344,4059 872,4085
rect $classPyChunkSpotLight_1_1ThisAttributeMap.html 321,4109 895,4136
rect $classPyClassDataInstance_1_1ThisAttributeMap.html 304,4160 912,4187
rect $classPyCollidePSA_1_1ThisAttributeMap.html 356,4211 860,4237
rect $classPyColour_1_1ThisAttributeMap.html 383,4261 833,4288
rect $classPyDataSection_1_1ThisAttributeMap.html 345,4312 871,4339
rect $classPyDye_1_1ThisAttributeMap.html 400,4363 816,4389
rect $classPyEntities_1_1ThisAttributeMap.html 376,4413 840,4440
rect $classPyEntityMailBox_1_1ThisAttributeMap.html 336,4464 880,4491
rect $classPyEventCategory_1_1ThisAttributeMap.html 329,4515 887,4541
rect $classPyEventGroup_1_1ThisAttributeMap.html 348,4565 868,4592
rect $classPyEventProject_1_1ThisAttributeMap.html 343,4616 873,4643
rect $classPyEventReverb_1_1ThisAttributeMap.html 343,4667 873,4693
rect $classPyFashion_1_1ThisAttributeMap.html 376,4717 840,4744
rect $classPyFixedDictDataInstance_1_1ThisAttributeMap.html 279,4768 937,4795
rect $classPyFlarePSA_1_1ThisAttributeMap.html 368,4819 848,4845
rect $classPyForcePSA_1_1ThisAttributeMap.html 365,4869 851,4896
rect $classPyGraphicsSetting_1_1ThisAttributeMap.html 320,4920 896,4947
rect $classPyIME_1_1ThisAttributeMap.html 403,4971 813,4997
rect $classPyIMEEvent_1_1ThisAttributeMap.html 364,5021 852,5048
rect $classPyJitterPSA_1_1ThisAttributeMap.html 369,5072 847,5099
rect $classPyKeyEvent_1_1ThisAttributeMap.html 364,5123 852,5149
rect $classPyLoft_1_1ThisAttributeMap.html 401,5173 815,5200
rect $classPyMagnetPSA_1_1ThisAttributeMap.html 351,5224 865,5251
rect $classPyMaterial_1_1ThisAttributeMap.html 372,5275 844,5301
rect $classPyMatrix_1_1ThisAttributeMap.html 384,5325 832,5352
rect $classPyMatrixSwarmPSA_1_1ThisAttributeMap.html 315,5376 901,5403
rect $classPyMeshParticleRenderer_1_1ThisAttributeMap.html 283,5427 933,5453
rect $classPyMetaParticleSystem_1_1ThisAttributeMap.html 296,5477 920,5504
rect $classPyModel_1_1ThisAttributeMap.html 387,5528 829,5555
rect $classPyModelNode_1_1ThisAttributeMap.html 352,5579 864,5605
rect $classPyModelObstacle_1_1ThisAttributeMap.html 329,5629 887,5656
rect $classPyModelRenderer_1_1ThisAttributeMap.html 327,5680 889,5707
rect $classPyMorphControl_1_1ThisAttributeMap.html 337,5731 879,5757
rect $classPyMouseEvent_1_1ThisAttributeMap.html 345,5781 871,5808
rect $classPyMozillaEvent_1_1ThisAttributeMap.html 343,5832 873,5859
rect $classPyMusicSystem_1_1ThisAttributeMap.html 339,5883 877,5909
rect $classPyNodeClampPSA_1_1ThisAttributeMap.html 324,5933 892,5960
rect $classPyObjectPlus_1_1ThisAttributeMap.html 356,5984 860,6011
rect $classPyOrbitorPSA_1_1ThisAttributeMap.html 355,6035 861,6061
rect $classPyOutputWriter_1_1ThisAttributeMap.html 340,6085 876,6112
rect $classPyParticleSystem_1_1ThisAttributeMap.html 328,6136 888,6163
rect $classPyParticleSystemAction_1_1ThisAttributeMap.html 287,6187 929,6213
rect $classPyParticleSystemRenderer_1_1ThisAttributeMap.html 269,6237 947,6264
rect $classPyPlane_1_1ThisAttributeMap.html 389,6288 827,6315
rect $classPyPointSpriteParticleRenderer_1_1ThisAttributeMap.html 245,6339 971,6365
rect $classPyRenderTarget_1_1ThisAttributeMap.html 339,6389 877,6416
rect $classPyResMgrImportHook_1_1ThisAttributeMap.html 300,6440 916,6467
rect $classPyResMgrImportLoader_1_1ThisAttributeMap.html 289,6491 927,6517
rect $classPyResourceRefs_1_1ThisAttributeMap.html 339,6541 877,6568
rect $classPyScalerPSA_1_1ThisAttributeMap.html 359,6592 857,6619
rect $classPySceneRenderer_1_1ThisAttributeMap.html 327,6643 889,6669
rect $classPyServer_1_1ThisAttributeMap.html 383,6693 833,6720
rect $classPyShimmerCountProvider_1_1ThisAttributeMap.html 273,6744 943,6771
rect $classPySinkPSA_1_1ThisAttributeMap.html 372,6795 844,6821
rect $classPySound_1_1ThisAttributeMap.html 384,6845 832,6872
rect $classPySoundParameter_1_1ThisAttributeMap.html 316,6896 900,6923
rect $classPySourcePSA_1_1ThisAttributeMap.html 355,6947 861,6973
rect $classPySplatPSA_1_1ThisAttributeMap.html 367,6997 849,7024
rect $classPySplodge_1_1ThisAttributeMap.html 372,7048 844,7075
rect $classPySpriteParticleRenderer_1_1ThisAttributeMap.html 279,7099 937,7125
rect $classPySTLSequence_1_1ThisAttributeMap.html 337,7149 879,7176
rect $classPyStreamPSA_1_1ThisAttributeMap.html 353,7200 863,7227
rect $classPyTarget_1_1ThisAttributeMap.html 385,7251 831,7277
rect $classPyTextureProvider_1_1ThisAttributeMap.html 324,7301 892,7328
rect $classPythonServer_1_1ThisAttributeMap.html 353,7352 863,7379
rect $classPyTintShaderPSA_1_1ThisAttributeMap.html 329,7403 887,7429
rect $classPyTrailParticleRenderer_1_1ThisAttributeMap.html 291,7453 925,7480
rect $classPyVector_1_1ThisAttributeMap.html 364,7504 852,7531
rect $classPyVisualParticleRenderer_1_1ThisAttributeMap.html 279,7555 937,7581
rect $classPyVOIP_1_1ThisAttributeMap.html 395,7605 821,7632
rect $classPyWaterVolume_1_1ThisAttributeMap.html 339,7656 877,7683
rect $classRemoteEntityMethod_1_1ThisAttributeMap.html 303,7707 913,7733
rect $classResourceTable_1_1ThisAttributeMap.html 347,7757 869,7784
rect $classResTblStruct_1_1ThisAttributeMap.html 357,7808 859,7835
rect $classScaleform_1_1PyMovieView_1_1ThisAttributeMap.html 319,7859 897,7885
rect $classScanDirProvider_1_1ThisAttributeMap.html 336,7909 880,7936
rect $classServerCaller_1_1ThisAttributeMap.html 360,7960 856,7987
rect $classServerDiscovery_1_1Details_1_1ThisAttributeMap.html 337,8011 879,8037
rect $classServerDiscovery_1_1ThisAttributeMap.html 333,8061 883,8088
rect $classServo_1_1ThisAttributeMap.html 403,8112 813,8139
rect $classSimpleGUIComponent_1_1ThisAttributeMap.html 296,8163 920,8189
rect $classSkeletonCollider_1_1ThisAttributeMap.html 333,8213 883,8240
rect $classTargeting_1_1ThisAttributeMap.html 379,8264 837,8291
rect $classTextGUIComponent_1_1ThisAttributeMap.html 315,8315 901,8341
rect $classTracker_1_1ThisAttributeMap.html 392,8365 824,8392
rect $classTrackerNodeInfo_1_1ThisAttributeMap.html 333,8416 883,8443
rect $classUserDataObject_1_1ThisAttributeMap.html 337,8467 879,8493
rect $classVector4Animation_1_1ThisAttributeMap.html 323,8517 893,8544
rect $classVector4Basic_1_1ThisAttributeMap.html 355,8568 861,8595
rect $classVector4Combiner_1_1ThisAttributeMap.html 327,8619 889,8645
rect $classVector4Distance_1_1ThisAttributeMap.html 333,8669 883,8696
rect $classVector4LFO_1_1ThisAttributeMap.html 365,8720 851,8747
rect $classVector4MatrixAdaptor_1_1ThisAttributeMap.html 297,8771 919,8797
rect $classVector4Morph_1_1ThisAttributeMap.html 349,8821 867,8848
rect $classVector4Product_1_1ThisAttributeMap.html 340,8872 876,8899
rect $classVector4Provider_1_1ThisAttributeMap.html 336,8923 880,8949
rect $classVector4Register_1_1ThisAttributeMap.html 336,8973 880,9000
rect $classVector4Shader_1_1ThisAttributeMap.html 344,9024 872,9051
rect $classVector4Swizzle_1_1ThisAttributeMap.html 341,9075 875,9101
rect $classVector4Translation_1_1ThisAttributeMap.html 319,9125 897,9152
rect $classWeather_1_1ThisAttributeMap.html 385,9176 831,9203
rect $classWebPageProvider_1_1ThisAttributeMap.html 327,9227 889,9253
rect $classWindowGUIComponent_1_1ThisAttributeMap.html 291,9277 925,9304
rect $classWorldToClipMP_1_1ThisAttributeMap.html 345,9328 871,9355
