base referer
rect $classAnimationGridSetter.html 501,5 659,32
rect $classAshesPixelSnapSetter.html 497,56 663,83
rect $classAshesProjSetter.html 517,107 643,133
rect $classAshesResolutionSetter.html 495,157 665,184
rect $classEnvironmentCubeMapSetter.html 477,208 683,235
rect $classEnvironmentShadowDrawEnable.html 463,259 697,285
rect $classFloraLightMapTransformSetter.html 471,309 689,336
rect $classFloraTextureSetter.html 509,360 651,387
rect $classLightMapSetter.html 519,411 641,437
rect $classMoo_1_1AmbientConstant.html 495,461 665,488
rect $classMoo_1_1CameraPosConstant.html 485,512 675,539
rect $classMoo_1_1DirectionalConstant.html 487,563 673,589
rect $classMoo_1_1EnvironmentShadowTransformConstant.html 421,613 739,640
rect $classMoo_1_1EnvironmentTransformConstant.html 448,664 712,691
rect $classMoo_1_1FarPlaneConstant.html 495,715 665,741
rect $classMoo_1_1FogColourConstant.html 489,765 671,792
rect $classMoo_1_1FogConstant.html 511,816 649,843
rect $classMoo_1_1FogEnabledConstant.html 484,867 676,893
rect $classMoo_1_1InverseWorldConstant.html 479,917 681,944
rect $classMoo_1_1InvViewConstant.html 496,968 664,995
rect $classMoo_1_1InvViewProjectionConstant.html 464,1019 696,1045
rect $classMoo_1_1LastViewProjectionConstant.html 460,1069 700,1096
rect $classMoo_1_1MaxAnisotropyConstant.html 473,1120 687,1147
rect $classMoo_1_1MinMagFilterConstant.html 480,1171 680,1197
rect $classMoo_1_1MipFilterConstant.html 493,1221 667,1248
rect $classMoo_1_1NDirectionalsConstant.html 477,1272 683,1299
rect $classMoo_1_1NearPlaneConstant.html 488,1323 672,1349
rect $classMoo_1_1NOmnisConstant.html 496,1373 664,1400
rect $classMoo_1_1NormalisationMapConstant.html 463,1424 697,1451
rect $classMoo_1_1NSpecularDirectionalsConstant.html 449,1475 711,1501
rect $classMoo_1_1NSpecularOmnisConstant.html 467,1525 693,1552
rect $classMoo_1_1NSpotsConstant.html 499,1576 661,1603
rect $classMoo_1_1ObjectIDConstant.html 493,1627 667,1653
rect $classMoo_1_1OmniConstant.html 504,1677 656,1704
rect $classMoo_1_1ProjectionConstant.html 489,1728 671,1755
rect $classMoo_1_1RenderTargetSetter.html 488,1779 672,1805
rect $classMoo_1_1ScreenConstant.html 499,1829 661,1856
rect $classMoo_1_1SpotDiffuseConstant.html 484,1880 676,1907
rect $classMoo_1_1StaticLightingConstant.html 476,1931 684,1957
rect $classMoo_1_1TimeConstant.html 505,1981 655,2008
rect $classMoo_1_1ViewConstant.html 507,2032 653,2059
rect $classMoo_1_1ViewProjectionConstant.html 473,2083 687,2109
rect $classMoo_1_1WorldConstant.html 503,2133 657,2160
rect $classMoo_1_1WorldPaletteConstant.html 480,2184 680,2211
rect $classMoo_1_1WorldViewConstant.html 488,2235 672,2261
rect $classMoo_1_1WorldViewProjectionConstant.html 455,2285 705,2312
rect $classOcclusionTestAlphaRef.html 496,2336 664,2363
rect $classOcclusionTestEnable.html 503,2387 657,2413
rect $classParticleMeshTintConstant.html 487,2437 673,2464
rect $classParticleTintPalette.html 509,2488 651,2515
rect $classParticleWorldPalette.html 504,2539 656,2565
rect $classSkyBoxController.html 513,2589 647,2616
rect $classSkyLightMapSetter.html 507,2640 653,2667
rect $classSkyLightMapTransformSetter.html 475,2691 685,2717
rect $classStippleMapSetter.html 512,2741 648,2768
rect $classTerrain_1_1FogTextureSetter.html 487,2792 673,2819
rect $classTerrain_1_1FogTransformSetter.html 477,2843 683,2869
rect $classTerrain_1_1PenumbraSizeSetter.html 475,2893 685,2920
rect $classTerrain_1_1SunAngleConstantSetter.html 461,2944 699,2971
rect $classTerrain_1_1TextureTransformSetter.html 465,2995 695,3021
rect $classTextureSetter.html 525,3045 635,3072
rect $classTFactorSetter.html 524,3096 636,3123
rect $classWindAnimation.html 519,3147 641,3173
rect $classWorldViewProjSetter.html 503,3197 657,3224
rect $classReferenceCount.html 7,1601 132,1628
