base referer
rect $classspeedtree_1_1STVector.html 313,48 660,75
rect $classspeedtree_1_1STVector.html 323,99 651,125
rect $classspeedtree_1_1STVector.html 368,149 605,176
rect $classVectorNoDestructor.html 296,200 677,227
rect $classVectorNoDestructor.html 304,251 669,277
rect $classVectorNoDestructor.html 133,301 840,328
rect $classVectorNoDestructor.html 321,352 652,379
rect $classVectorNoDestructor.html 321,403 652,429
rect $classVectorNoDestructor.html 252,453 721,480
rect $classVectorNoDestructor.html 349,504 624,531
rect $classVectorNoDestructor.html 340,555 633,581
rect $classVectorNoDestructor.html 343,605 631,632
rect $classVectorNoDestructor.html 344,656 629,683
rect $classVectorNoDestructor.html 329,707 644,733
rect $classVectorNoDestructor.html 325,757 648,784
rect $classVectorNoDestructor.html 340,808 633,835
rect $classVectorNoDestructor.html 324,859 649,885
rect $classVectorNoDestructor.html 329,909 644,936
rect $classVectorNoDestructor.html 313,960 660,987
rect $classVectorNoDestructor.html 352,1011 621,1037
rect $classVectorNoDestructor.html 119,1061 855,1088
rect $classVectorNoDestructor.html 363,1112 611,1139
rect $classVectorNoDestructor.html 300,1163 673,1189
rect $classVectorNoDestructor.html 285,1213 688,1240
rect $classVectorNoDestructor.html 301,1264 672,1291
rect $classVectorNoDestructor.html 295,1315 679,1341
rect $classVectorNoDestructor.html 392,1365 581,1392
rect $classVectorNoDestructor.html 351,1416 623,1443
