base referer
rect $classAvatarFilterDebugMatrixProvider.html 327,5 561,32
rect $classCameraMatrixProvider.html 360,56 528,83
rect $classDCMProv.html 404,107 484,133
rect $classDiffDirProvider.html 385,157 503,184
rect $classEntityDirProvider.html 377,208 511,235
rect $classEntityMProv.html 395,259 493,285
rect $classInvViewMatrixProvider.html 360,309 528,336
rect $classMatrixAnimation.html 379,360 509,387
rect $classMatrixInverse.html 388,411 500,437
rect $classMatrixProduct.html 388,461 500,488
rect $classMatrixProviderLiaison.html 363,512 525,539
rect $classModelBBMProv.html 385,563 503,589
rect $classModelObstacleBBMProv.html 356,613 532,640
rect $classModelObstacleNode.html 368,664 520,691
rect $classMouseTargettingMatrix.html 359,715 529,741
rect $classPlayerMProv.html 393,765 495,792
rect $classPyAttachmentMatrixProvider.html 340,816 548,843
rect $classPyMatrix.html 405,867 483,893
rect $classScanDirProvider.html 381,917 507,944
rect $classThirdPersonTargettingMatrix.html 340,968 548,995
rect $classVector4MatrixAdaptor.html 361,1019 527,1045
rect $classWorldToClipMP.html 385,1069 503,1096
rect $classPyObjectPlus.html 5,537 112,564
