base referer
rect $classPyObjectPlusWithWeakReference.html 199,13 436,40
rect $classAligned.html 281,64 353,91
rect $structMoo_1_1VertexXYZDUV2.html 236,179 399,205
rect $classVector3.html 7,141 79,168
rect $classSimpleGUIComponent_1_1eHAnchor__SMap.html 176,229 459,256
rect $classSimpleGUIComponent_1_1eFilterType__SMap.html 173,280 461,307
rect $classSimpleGUIComponent_1_1eSizeMode__EMap.html 173,331 461,357
rect $classStringMap.html 239,381 396,408
rect $classSimpleGUIComponent_1_1eHAnchor__EMap.html 176,432 459,459
rect $classSimpleGUIComponent_1_1ThisAttributeMap.html 173,483 461,509
rect $classSmartPointer.html 241,537 393,564
rect $classSimpleGUIComponent_1_1eVAnchor__SMap.html 177,588 457,615
rect $classSmartPointer.html 176,639 459,665
rect $classSimpleGUIComponent_1_1ePositionMode__SMap.html 161,689 473,716
rect $classNamedObject.html 232,740 403,767
rect $classSimpleGUIComponent_1_1eMaterialFX__EMap.html 169,791 465,817
rect $classPyFactoryMethodLink.html 237,841 397,868
rect $classSimpleGUIComponent_1_1eVAnchor__EMap.html 177,892 457,919
rect $classVector4.html 281,983 353,1009
rect $classWeakPyPtr.html 184,1033 451,1060
rect $classSimpleGUIComponent_1_1eFilterType__EMap.html 173,1084 461,1111
rect $classSimpleGUIComponent_1_1eMaterialFX__SMap.html 169,1135 465,1161
rect $classPyModuleMethodLink.html 237,1185 397,1212
rect $classSimpleGUIComponent_1_1eSizeMode__SMap.html 173,1236 461,1263
rect $classSimpleGUIComponent_1_1ePositionMode__EMap.html 161,1287 473,1313
rect $classMatrix.html 285,1377 349,1404
