base referer
rect $classCommandMozillaAddInterface.html 524,5 743,32
rect $classCommandMozillaWebPage.html 536,56 731,83
rect $classCommandMozillaWebPageAllowCursorInteraction.html 461,107 805,133
rect $classCommandMozillaWebPageCallbackBase.html 492,157 775,184
rect $classCommandMozillaWebPageCleanMemory.html 491,208 776,235
rect $classCommandMozillaWebPageDTOR.html 517,259 749,285
rect $classCommandMozillaWebPageEnableCookies.html 488,309 779,336
rect $classCommandMozillaWebPageEnableProxy.html 496,360 771,387
rect $classCommandMozillaWebPageEvaluateJavascript.html 476,411 791,437
rect $classCommandMozillaWebPageFocusBrowser.html 491,461 776,488
rect $classCommandMozillaWebPageHandleKeyboardEvent.html 464,512 803,539
rect $classCommandMozillaWebPageHandleMouseButtonEvent.html 451,563 816,589
rect $classCommandMozillaWebPageHandleMouseMove.html 475,613 792,640
rect $classCommandMozillaWebPageHandleUnicodeInput.html 469,664 797,691
rect $classCommandMozillaWebPageNavigate.html 507,715 760,741
rect $classCommandMozillaWebPageNavigateBack.html 491,765 776,792
rect $classCommandMozillaWebPageNavigateForward.html 480,816 787,843
rect $classCommandMozillaWebPageNavigateReload.html 484,867 783,893
rect $classCommandMozillaWebPageScrollByLines.html 492,917 775,944
rect $classCommandMozillaWebPageSet404Redirect.html 487,968 780,995
rect $classCommandMozillaWebPageSetSize.html 512,1019 755,1045
rect $classCommandMozillaWebPageUpdateBrowser.html 487,1069 780,1096
rect $classSafeReferenceCount.html 5,537 160,564
