base referer
rect $base__user__data__object__description_8cpp.html 128,5 408,32
rect $bit__reader_8cpp.html 211,56 325,83
rect $bit__writer_8cpp.html 213,107 323,133
rect $data__description_8cpp.html 188,157 348,184
rect $data__type_8cpp.html 211,208 325,235
rect $data__types_8cpp.html 207,259 329,285
rect $entity__description_8cpp.html 184,309 352,336
rect $entity__description__debug_8cpp.html 160,360 376,387
rect $entity__description__map_8cpp.html 167,411 369,437
rect $entity__method__descriptions_8cpp.html 152,461 384,488
rect $mailbox__base_8cpp.html 199,512 337,539
rect $entity__member__stats_8cpp.html 175,563 361,589
rect $meta__data__type_8cpp.html 191,613 345,640
rect $method__description_8cpp.html 179,664 357,691
rect $method__response_8cpp.html 185,715 351,741
rect $lib_2entitydef_2pch_8cpp.html 231,765 305,792
rect $property__change_8cpp.html 188,816 348,843
rect $property__change__reader_8cpp.html 164,867 372,893
rect $property__owner_8cpp.html 192,917 344,944
rect $py__volatile__info_8cpp.html 192,968 344,995
rect $remote__entity__method_8cpp.html 169,1019 367,1045
rect $user__data__object__description_8cpp.html 147,1069 389,1096
rect $user__data__object__description__map_8cpp.html 129,1120 407,1147
rect $volatile__info_8cpp.html 204,1171 332,1197
